package generated.model;

import com.fasterxml.jackson.annotation.JsonProperty;
import generated.support.Generated;
import org.openapitools.jackson.nullable.JsonNullable;

@Generated(value = "openapi-processor-core", version = "test")
public record Foo2(
    @JsonProperty("bar")
    JsonNullable<String> bar
) {
    public Foo2() {
        bar = JsonNullable.undefined();
    }
}
